// Vitest Snapshot v1, https://vitest.dev/guide/snapshot.html

exports[`AdminViewFormDetails > should get admin view form details data 1`] = `
<div>
  <div
    class="header-bold"
  >
    Form Details for 2023 year
  </div>
  <div
    class="tabs"
  >
    <ul
      class="tablist"
    >
      <li
        class="current"
      >
         Awaiting Submission 
      </li>
      <li
        class=""
      >
         Review Pending 
      </li>
      <li
        class=""
      >
         Live Data 
      </li>
    </ul>
    <div
      class="tab-content"
    >
      <div>
        <!---->
        <table
          id="fifthTable"
        >
          <thead>
            <tr>
              <th>
                Country
              </th>
              <th>
                Status
              </th>
              <th>
                <span>
                  URL
                </span>
              </th>
            </tr>
          </thead>
          <tbody>
            <tr>
              <td>
                 India 
              </td>
              <td>
                 NEW 
              </td>
              <td>
                http://localhost:3000/health_indicator_questionnaire/1b9f0f33-9c69-4bfc-8730-8bcbb5c06d88
              </td>
            </tr>
            <tr>
              <td>
                 Australia 
              </td>
              <td>
                 NEW 
              </td>
              <td>
                http://localhost:3000/health_indicator_questionnaire/5a1f8e8c-7ebd-499a-b6b0-015828695796
              </td>
            </tr>
            <tr>
              <td>
                 Australia 
              </td>
              <td>
                 DRAFT 
              </td>
              <td>
                http://localhost:3000/health_indicator_questionnaire/5a1f8e8c-7ebd-499a-b6b0-015828695796
              </td>
            </tr>
          </tbody>
        </table>
      </div>
    </div>
    <div
      class="tab-content"
      style="display: none;"
    >
      <div>
        <!---->
        <table
          id="fifthTable"
        >
          <thead>
            <tr>
              <th>
                Country
              </th>
              <th>
                Status
              </th>
              <th>
                <span>
                  URL
                </span>
              </th>
            </tr>
          </thead>
          <tbody>
            <tr>
              <td>
                 India 
              </td>
              <td>
                 NEW 
              </td>
              <td>
                http://localhost:3000/health_indicator_questionnaire/1b9f0f33-9c69-4bfc-8730-8bcbb5c06d88
              </td>
            </tr>
            <tr>
              <td>
                 Australia 
              </td>
              <td>
                 NEW 
              </td>
              <td>
                http://localhost:3000/health_indicator_questionnaire/5a1f8e8c-7ebd-499a-b6b0-015828695796
              </td>
            </tr>
            <tr>
              <td>
                 Australia 
              </td>
              <td>
                 DRAFT 
              </td>
              <td>
                http://localhost:3000/health_indicator_questionnaire/5a1f8e8c-7ebd-499a-b6b0-015828695796
              </td>
            </tr>
          </tbody>
        </table>
      </div>
    </div>
    <div
      class="tab-content"
      style="display: none;"
    >
      <div>
        <!---->
        <table
          id="fifthTable"
        >
          <thead>
            <tr>
              <th>
                Country
              </th>
              <th>
                Status
              </th>
              <th>
                <span>
                  URL
                </span>
              </th>
            </tr>
          </thead>
          <tbody>
            <tr>
              <td>
                 India 
              </td>
              <td>
                 NEW 
              </td>
              <td>
                http://localhost:3000/health_indicator_questionnaire/1b9f0f33-9c69-4bfc-8730-8bcbb5c06d88
              </td>
            </tr>
            <tr>
              <td>
                 Australia 
              </td>
              <td>
                 NEW 
              </td>
              <td>
                http://localhost:3000/health_indicator_questionnaire/5a1f8e8c-7ebd-499a-b6b0-015828695796
              </td>
            </tr>
            <tr>
              <td>
                 Australia 
              </td>
              <td>
                 DRAFT 
              </td>
              <td>
                http://localhost:3000/health_indicator_questionnaire/5a1f8e8c-7ebd-499a-b6b0-015828695796
              </td>
            </tr>
          </tbody>
        </table>
      </div>
    </div>
  </div>
</div>
`;
