// Vitest Snapshot v1, https://vitest.dev/guide/snapshot.html

exports[`Country Profile Year Selector  > should render Year Selector 1`] = `
<div
  class="title"
>
  <div
    class="sub-header"
  >
    Select Year
  </div>
  <div
    class="select-year-desc"
  >
    <p>
      To view data for a specific year, please select the desired year
    </p>
  </div>
  <select
    class="year-indicator-select"
    name="test_select3"
  >
    <option
      value="2023,2021,Version1"
    >
       [
  "2023",
  "2021",
  "Version1"
] 
    </option>
  </select>
</div>
`;
