// Vitest Snapshot v1, https://vitest.dev/guide/snapshot.html

exports[`Region Bar Graph Container > should render region bar graph container 1`] = `
<div
  class="box overall-card container content-width"
  data-v-f3f39466=""
>
  <div
    class="indicator-filter-container"
    data-v-f3f39466=""
  >
    <!---->
  </div>
  <div
    class="spinner"
    data-v-f3f39466=""
  >
    <i
      class="fa fa-spinner fa-pulse fa-3x fa-fw"
      data-v-f3f39466=""
    />
  </div>
  <div
    class="govtApproved"
    data-v-f3f39466=""
  >
     *Note: The data presented in these graphs represents information that has been approved by the government. 
  </div>
</div>
`;
